apple@apples-MacBook-Pro devops % cd assignment3
apple@apples-MacBook-Pro assignment3 % cd task1
apple@apples-MacBook-Pro task1 % minikube start --driver=docker
ğŸ˜„  minikube v1.37.0 on Darwin 15.6.1
âœ¨  Using the docker driver based on user configuration
ğŸ“Œ  Using Docker Desktop driver with root privileges
ğŸ‘  Starting "minikube" primary control-plane node in "minikube" cluster
ğŸšœ  Pulling base image v0.0.48 ...
ğŸ”¥  Creating docker container (CPUs=2, Memory=4000MB) ...
ğŸ³  Preparing Kubernetes v1.34.0 on Docker 28.4.0 ...
ğŸ”—  Configuring bridge CNI (Container Networking Interface) ...
ğŸ”  Verifying Kubernetes components...
    â–ª Using image gcr.io/k8s-minikube/storage-provisioner:v5
ğŸŒŸ  Enabled addons: default-storageclass, storage-provisioner
ğŸ„  Done! kubectl is now configured to use "minikube" cluster and "default" namespace by default
apple@apples-MacBook-Pro task1 % minikube status
minikube
type: Control Plane
host: Running
kubelet: Running
apiserver: Running
kubeconfig: Configured

apple@apples-MacBook-Pro task1 % kubectl get nodes
NAME       STATUS   ROLES           AGE   VERSION
minikube   Ready    control-plane   26s   v1.34.0
apple@apples-MacBook-Pro task1 % minikube dashboard
ğŸ”Œ  Enabling dashboard ...
    â–ª Using image docker.io/kubernetesui/dashboard:v2.7.0
    â–ª Using image docker.io/kubernetesui/metrics-scraper:v1.0.8
ğŸ’¡  Some dashboard features require the metrics-server addon. To enable all features please run:

        minikube addons enable metrics-server

ğŸ¤”  Verifying dashboard health ...
ğŸš€  Launching proxy ...
ğŸ¤”  Verifying proxy health ...
ğŸ‰  Opening http://127.0.0.1:52921/api/v1/namespaces/kubernetes-dashboard/services/http:kubernetes-dashboard:/proxy/ in your default browser...

docker ps
^C
apple@apples-MacBook-Pro task1 % kubectl create deployment my-web-app --image=nginx
deployment.apps/my-web-app created
apple@apples-MacBook-Pro task1 % minikube dashboard
ğŸ¤”  Verifying dashboard health ...
ğŸš€  Launching proxy ...
ğŸ¤”  Verifying proxy health ...
ğŸ‰  Opening http://127.0.0.1:53029/api/v1/namespaces/kubernetes-dashboard/services/http:kubernetes-dashboard:/proxy/ in your default browser...
^C
apple@apples-MacBook-Pro task1 % kubectl get deployments
NAME         READY   UP-TO-DATE   AVAILABLE   AGE
my-web-app   1/1     1            1           2m26s
apple@apples-MacBook-Pro task1 % minikube dashboard     
ğŸ¤”  Verifying dashboard health ...
ğŸš€  Launching proxy ...
ğŸ¤”  Verifying proxy health ...
ğŸ‰  Opening http://127.0.0.1:53075/api/v1/namespaces/kubernetes-dashboard/services/http:kubernetes-dashboard:/proxy/ in your default browser...
E1129 22:20:25.611212   87541 cert_rotation.go:172] "Loading client cert failed" err="open /Users/apple/.minikube/profiles/minikube/client.crt: no such file or directory" logger="tls-transport-cache.UnhandledError" key="key"
E1129 22:20:25.623810   87541 cert_rotation.go:172] "Loading client cert failed" err="open /Users/apple/.minikube/profiles/minikube/client.crt: no such file or directory" logger="tls-transport-cache.UnhandledError" key="key"
E1129 22:20:25.636872   87541 cert_rotation.go:172] "Loading client cert failed" err="open /Users/apple/.minikube/profiles/minikube/client.crt: no such file or directory" logger="tls-transport-cache.UnhandledError" key="key"
E1129 22:20:25.659129   87541 cert_rotation.go:172] "Loading client cert failed" err="open /Users/apple/.minikube/profiles/minikube/client.crt: no such file or directory" logger="tls-transport-cache.UnhandledError" key="key"
E1129 22:20:25.701199   87541 cert_rotation.go:172] "Loading client cert failed" err="open /Users/apple/.minikube/profiles/minikube/client.crt: no such file or directory" logger="tls-transport-cache.UnhandledError" key="key"
E1129 22:20:25.783497   87541 cert_rotation.go:172] "Loading client cert failed" err="open /Users/apple/.minikube/profiles/minikube/client.crt: no such file or directory" logger="tls-transport-cache.UnhandledError" key="key"
E1129 22:20:25.947563   87541 cert_rotation.go:172] "Loading client cert failed" err="open /Users/apple/.minikube/profiles/minikube/client.crt: no such file or directory" logger="tls-transport-cache.UnhandledError" key="key"
E1129 22:20:26.268886   87541 cert_rotation.go:172] "Loading client cert failed" err="open /Users/apple/.minikube/profiles/minikube/client.crt: no such file or directory" logger="tls-transport-cache.UnhandledError" key="key"
E1129 22:20:26.911378   87541 cert_rotation.go:172] "Loading client cert failed" err="open /Users/apple/.minikube/profiles/minikube/client.crt: no such file or directory" logger="tls-transport-cache.UnhandledError" key="key"
E1129 22:20:28.192985   87541 cert_rotation.go:172] "Loading client cert failed" err="open /Users/apple/.minikube/profiles/minikube/client.crt: no such file or directory" logger="tls-transport-cache.UnhandledError" key="key"
E1129 22:20:30.755104   87541 cert_rotation.go:172] "Loading client cert failed" err="open /Users/apple/.minikube/profiles/minikube/client.crt: no such file or directory" logger="tls-transport-cache.UnhandledError" key="key"
E1129 22:20:35.876929   87541 cert_rotation.go:172] "Loading client cert failed" err="open /Users/apple/.minikube/profiles/minikube/client.crt: no such file or directory" logger="tls-transport-cache.UnhandledError" key="key"
E1129 22:20:46.119261   87541 cert_rotation.go:172] "Loading client cert failed" err="open /Users/apple/.minikube/profiles/minikube/client.crt: no such file or directory" logger="tls-transport-cache.UnhandledError" key="key"
E1129 22:21:06.601653   87541 cert_rotation.go:172] "Loading client cert failed" err="open /Users/apple/.minikube/profiles/minikube/client.crt: no such file or directory" logger="tls-transport-cache.UnhandledError" key="key"
^Z
zsh: suspended  minikube dashboard
apple@apples-MacBook-Pro task1 %  
apple@apples-MacBook-Pro task1 % 